
> build
> tsc -p tsconfig.json

src/app.ts(4,20): error TS2307: Cannot find module 'helmet' or its corresponding type declarations.
src/app.ts(5,20): error TS2307: Cannot find module 'morgan' or its corresponding type declarations.
src/infra/redis/connection.ts(24,36): error TS2769: No overload matches this call.
  Overload 1 of 3, '(obj: "Redis error:", msg?: undefined): void', gave the following error.
    Argument of type 'Error' is not assignable to parameter of type 'undefined'.
  Overload 2 of 3, '(obj: "Redis error:", msg?: undefined, ...args: unknown[]): void', gave the following error.
    Argument of type 'Error' is not assignable to parameter of type 'undefined'.
src/infra/socket/__tests__/io.disconnect.test.ts(132,9): error TS2322: Type '{ userId: string; role: string; }' is not assignable to type 'TokenPayload & { userId: string; role: string; }'.
  Property 'jti' is missing in type '{ userId: string; role: string; }' but required in type 'TokenPayload'.
src/infra/socket/__tests__/io.disconnect.test.ts(143,35): error TS2322: Type '{ userId: string; role: string; }' is not assignable to type 'TokenPayload & { userId: string; role: string; }'.
  Property 'jti' is missing in type '{ userId: string; role: string; }' but required in type 'TokenPayload'.
src/infra/socket/__tests__/io.disconnect.test.ts(166,31): error TS2322: Type '{ userId: string; role: string; }' is not assignable to type 'TokenPayload & { userId: string; role: string; }'.
  Property 'jti' is missing in type '{ userId: string; role: string; }' but required in type 'TokenPayload'.
src/infra/socket/__tests__/io.disconnect.test.ts(167,31): error TS2322: Type '{ userId: string; role: string; }' is not assignable to type 'TokenPayload & { userId: string; role: string; }'.
  Property 'jti' is missing in type '{ userId: string; role: string; }' but required in type 'TokenPayload'.
src/infra/socket/__tests__/io.disconnect.test.ts(185,35): error TS2322: Type '{ userId: string; role: string; }' is not assignable to type 'TokenPayload & { userId: string; role: string; }'.
  Property 'jti' is missing in type '{ userId: string; role: string; }' but required in type 'TokenPayload'.
src/infra/socket/__tests__/io.disconnect.test.ts(199,35): error TS2322: Type '{ userId: string; role: string; }' is not assignable to type 'TokenPayload & { userId: string; role: string; }'.
  Property 'jti' is missing in type '{ userId: string; role: string; }' but required in type 'TokenPayload'.
src/modules/analytics/analytics.service.ts(82,55): error TS2339: Property 'maxTimeMS' does not exist on type 'Aggregate<any[]>'.
tests/mongoose-query-timeouts.test.ts(23,51): error TS2339: Property 'maxTimeMS' does not exist on type 'Aggregate<any[]>'.
tests/rbac.matrix.test.ts(161,42): error TS2345: Argument of type 'never[]' is not assignable to parameter of type 'never'.
tests/rbac.matrix.test.ts(162,41): error TS2345: Argument of type 'never[]' is not assignable to parameter of type 'never'.
tests/rbac.matrix.test.ts(164,44): error TS2345: Argument of type 'never[]' is not assignable to parameter of type 'never'.
tests/rbac.matrix.test.ts(165,43): error TS2345: Argument of type 'never[]' is not assignable to parameter of type 'never'.
tests/rbac.matrix.test.ts(170,42): error TS2345: Argument of type 'never[]' is not assignable to parameter of type 'never'.
tests/rbac.matrix.test.ts(171,41): error TS2345: Argument of type 'never[]' is not assignable to parameter of type 'never'.
tests/rbac.matrix.test.ts(173,44): error TS2345: Argument of type 'never[]' is not assignable to parameter of type 'never'.
tests/rbac.matrix.test.ts(174,43): error TS2345: Argument of type 'never[]' is not assignable to parameter of type 'never'.
tests/rbac.matrix.test.ts(179,42): error TS2345: Argument of type 'never[]' is not assignable to parameter of type 'never'.
tests/rbac.matrix.test.ts(180,41): error TS2345: Argument of type 'never[]' is not assignable to parameter of type 'never'.
tests/rbac.matrix.test.ts(184,42): error TS2345: Argument of type 'never[]' is not assignable to parameter of type 'never'.
tests/rbac.matrix.test.ts(185,41): error TS2345: Argument of type 'never[]' is not assignable to parameter of type 'never'.
tests/rbac.matrix.test.ts(188,46): error TS2345: Argument of type 'never[]' is not assignable to parameter of type 'never'.
tests/rbac.matrix.test.ts(189,41): error TS2345: Argument of type '{ isValid: boolean; }' is not assignable to parameter of type 'never'.
tests/rbac.matrix.test.ts(383,49): error TS2345: Argument of type '{ isValid: boolean; apiKeyDoc: { _id: string; organizationId: string; shipmentId: string; }; }' is not assignable to parameter of type 'never'.
tests/rbac.matrix.test.ts(410,49): error TS2345: Argument of type '{ isValid: boolean; }' is not assignable to parameter of type 'never'.
tests/requireRole.test.ts(15,5): error TS2322: Type '{ userId: string; role: string; } | undefined' is not assignable to type '(TokenPayload & { userId: string; role: string; }) | undefined'.
  Type '{ userId: string; role: string; }' is not assignable to type 'TokenPayload & { userId: string; role: string; }'.
    Property 'jti' is missing in type '{ userId: string; role: string; }' but required in type 'TokenPayload'.
tests/setup.ts(19,28): error TS2345: Argument of type 'string | undefined' is not assignable to parameter of type 'string'.
  Type 'undefined' is not assignable to type 'string'.
tests/socketio.client.integration.test.ts(2,28): error TS2307: Cannot find module 'socket.io-client' or its corresponding type declarations.
tests/socketio.client.integration.test.ts(114,56): error TS2345: Argument of type '{ _id: string; status: string; }' is not assignable to parameter of type 'never'.
tests/socketio.client.integration.test.ts(130,47): error TS2345: Argument of type '{ _id: string; walletAddress: string; }' is not assignable to parameter of type 'never'.
tests/socketio.client.integration.test.ts(196,45): error TS7006: Parameter 'data' implicitly has an 'any' type.
tests/socketio.client.integration.test.ts(241,43): error TS7006: Parameter 'data' implicitly has an 'any' type.
tests/stellar.worker.retry.test.ts(29,7): error TS2322: Type 'Mock<UnknownFunction>' is not assignable to type 'MockedFunction<() => Promise<Job<any, any, string>>>'.
  Type 'Mock<UnknownFunction>' is not assignable to type 'MockInstance<() => Promise<Job<any, any, string>>>'.
    The types returned by 'getMockImplementation()' are incompatible between these types.
      Type 'UnknownFunction | undefined' is not assignable to type '(() => Promise<Job<any, any, string>>) | undefined'.
        Type 'UnknownFunction' is not assignable to type '() => Promise<Job<any, any, string>>'.
          Type 'unknown' is not assignable to type 'Promise<Job<any, any, string>>'.
tests/stellar.worker.retry.test.ts(29,40): error TS2345: Argument of type 'Job<any, any, string>' is not assignable to parameter of type 'never'.
tests/stellar.worker.retry.test.ts(46,49): error TS2345: Argument of type 'undefined' is not assignable to parameter of type 'never'.
tests/stellar.worker.retry.test.ts(47,52): error TS2345: Argument of type 'undefined' is not assignable to parameter of type 'never'.
tests/stellar.worker.retry.test.ts(73,61): error TS2345: Argument of type '(job: Job) => Promise<never>' is not assignable to parameter of type 'UnknownFunction'.
  Types of parameters 'job' and 'args' are incompatible.
    Type 'unknown' is not assignable to type 'Job<any, any, string>'.
tests/stellar.worker.retry.test.ts(82,48): error TS2345: Argument of type 'Mock<UnknownFunction>' is not assignable to parameter of type 'string | URL | Processor<any, any, string> | null | undefined'.
  Type 'Mock<UnknownFunction>' is not assignable to type 'Processor<any, any, string>'.
    Type 'unknown' is not assignable to type 'Promise<any>'.
tests/stellar.worker.retry.test.ts(103,20): error TS2339: Property 'add' does not exist on type 'Worker<any, any, string>'.
tests/stellar.worker.retry.test.ts(134,61): error TS2345: Argument of type '(_job: Job) => Promise<{ stellarTxHash: string; }>' is not assignable to parameter of type 'UnknownFunction'.
  Types of parameters '_job' and 'args' are incompatible.
    Type 'unknown' is not assignable to type 'Job<any, any, string>'.
tests/stellar.worker.retry.test.ts(138,48): error TS2345: Argument of type 'Mock<UnknownFunction>' is not assignable to parameter of type 'string | URL | Processor<any, any, string> | null | undefined'.
  Type 'Mock<UnknownFunction>' is not assignable to type 'Processor<any, any, string>'.
    Type 'unknown' is not assignable to type 'Promise<any>'.
tests/stellar.worker.retry.test.ts(151,20): error TS2339: Property 'add' does not exist on type 'Worker<any, any, string>'.
tests/stellar.worker.retry.test.ts(171,48): error TS2345: Argument of type 'Mock<UnknownFunction>' is not assignable to parameter of type 'string | URL | Processor<any, any, string> | null | undefined'.
  Type 'Mock<UnknownFunction>' is not assignable to type 'Processor<any, any, string>'.
    Type 'unknown' is not assignable to type 'Promise<any>'.
tests/stellar.worker.retry.test.ts(184,20): error TS2339: Property 'add' does not exist on type 'Worker<any, any, string>'.
tests/stellar.worker.retry.test.ts(205,48): error TS2345: Argument of type 'Mock<UnknownFunction>' is not assignable to parameter of type 'string | URL | Processor<any, any, string> | null | undefined'.
  Type 'Mock<UnknownFunction>' is not assignable to type 'Processor<any, any, string>'.
    Type 'unknown' is not assignable to type 'Promise<any>'.
tests/stellar.worker.retry.test.ts(216,15): error TS18048: 'job' is possibly 'undefined'.
tests/stellar.worker.retry.test.ts(217,25): error TS18048: 'job' is possibly 'undefined'.
tests/stellar.worker.retry.test.ts(222,20): error TS2339: Property 'add' does not exist on type 'Worker<any, any, string>'.
